// Vitest Snapshot v1, https://vitest.dev/guide/snapshot.html

exports[`Testing the CartTotal.jsx file > renders shipping fee, currency, total amount 1`] = `
<div>
  <div
    class="w-full"
  >
    <div
      class="text-2xl"
    >
      <div
        class="inline-flex gap-2 items-center mb-3"
      >
        <p
          class="text-gray-500"
        >
          CART
           
          <span
            class="text-gray-700 font-medium"
          >
            TOTAL
          </span>
        </p>
        <p
          class="w-8 sm:w-12 h-[1px] sm:h-[2px] bg-gray-700"
        />
      </div>
    </div>
    <div
      class="flex flex-col gap-2 mt-2 text-sm"
    >
      <div
        class="flex justify-between"
      >
        <p>
          Subtotal
        </p>
        <p>
          $ 120.00
        </p>
      </div>
      <hr />
      <div
        class="flex justify-between"
      >
        <p>
          Shipping Fee
        </p>
        <p>
          $ 5.00
        </p>
      </div>
      <hr />
      <div
        class="flex justify-between"
      >
        <b>
          Total
        </b>
        <b>
          $ 125.00
        </b>
      </div>
    </div>
  </div>
</div>
`;
