// Vitest Snapshot v1, https://vitest.dev/guide/snapshot.html

exports[`Testing the OurPolicy.jsx file > rendering the texts 1`] = `
<div>
  <div
    class="flex flex-col sm:flex-row justify-around gap-12 sm:gap-2 text-center py-20 text-xs sm:text-sm md:text-base text-gray-700"
  >
    <div>
      <img
        alt="exchange icon"
        class="w-12 m-auto mb-5"
        src="exchange_icon.png"
      />
      <p
        class="font-semibold"
      >
        Easy Exchange Policy
      </p>
      <p>
        We Offer hassle free exchange policy
      </p>
    </div>
    <div>
      <img
        alt="quality icon"
        class="w-12 m-auto mb-5"
        src="quality_icon.png"
      />
      <p
        class="font-semibold"
      >
        7 Days Return Policy
      </p>
      <p>
        We provide 7 days of free return policy
      </p>
    </div>
    <div>
      <img
        alt="support icon"
        class="w-12 m-auto mb-5"
        src="support_img.png"
      />
      <p
        class="font-semibold"
      >
        Best customer support
      </p>
      <p>
        we provide 24/7 customer support
      </p>
    </div>
  </div>
</div>
`;
